Are you running this on a computer WITHOUT a network connection of any kind? (y/n)?Have the wireless cards in this computer been physically removed? (y/n)?Are you running on battery power? (y/n)?Are you running on an operating system booted from a USB drive? (y/n)?Is your screen hidden from view of windows, cameras, and other people? (y/n)?Are smartphones and all other nearby devices turned off and in a Faraday bag? (y/n)?
You will need to enter several pieces of information to create a withdrawal transaction.


*** PLEASE BE SURE TO ENTER THE CORRECT DESTINATION ADDRESS ***


Source cold storage address: 
Redemption script for source cold storage address: 
Destination address: 
How many unspent transactions will you be using for this withdrawal? 
Please paste raw transaction #1 (hexadecimal format) with unspent outputs at the source address
OR
input a filename located in the current directory which contains the raw transaction data
(If the transaction data is over ~4000 characters long, you _must_ use a file.):

Transaction data found for source address.
TOTAL unspent amount for this raw transaction: 0.00005000 BTC

How many private keys will you be signing this transaction with (at least 2 required to complete transaction)?
#: Key #1: Key #2: 
Enter fee rate.
Satoshis per vbyte: 
Based on the provided rate, the fee will be 0.00000404 bitcoin.
Confirm? (y/n): 
Fee calculation aborted. Starting over...

Enter fee rate.
Satoshis per vbyte: 
Based on the provided rate, the fee will be 0.00004040 bitcoin.
Confirm? (y/n): 
Please enter the decimal amount (in bitcoin) to withdraw to the destination address.

Example: For 2.3 bitcoins, enter "2.3".

After a fee of 0.00004040, you have 0.00000960 bitcoins available to withdraw.

*** Technical note for experienced Bitcoin users:  If the withdrawal amount & fee are cumulatively less than the total amount of the unspent transactions, the remainder will be sent back to the same cold storage address as change. ***

Amount to send to mp1KQzUoDf9div7jjgon3UuqLThMSo3tmF (leave blank to withdraw all funds stored in these unspent transactions): 0.00000560 being returned to cold storage address address 2N238gpicqPFfMz8sUN7pqqaJnYkgsC1WmL.

Is this data correct?
*** WARNING: Incorrect data may lead to loss of funds ***

0.00005000 BTC in unspent inputs from cold storage address 2N238gpicqPFfMz8sUN7pqqaJnYkgsC1WmL
0.00000560 BTC going back to cold storage address 2N238gpicqPFfMz8sUN7pqqaJnYkgsC1WmL
0.00000400 BTC going to destination address mp1KQzUoDf9div7jjgon3UuqLThMSo3tmF
Fee amount: 0.00004040

Signing with private keys: 
cSfvoUsWWZ81M4qGYciPHdNxHXQxPEsXBdGWjYdchpisPabtiKVQ
cPWVKeCBjnv833Kayc6nczBbG4YqqbCucup3n5D68WPzBEfceBAQ


Confirm? (y/n): You must enter y (for yes) or n (for no).
Confirm? (y/n): 
Process aborted. Starting over....

You will need to enter several pieces of information to create a withdrawal transaction.


*** PLEASE BE SURE TO ENTER THE CORRECT DESTINATION ADDRESS ***


Source cold storage address: 
Redemption script for source cold storage address: 
Destination address: 
How many unspent transactions will you be using for this withdrawal? 
Please paste raw transaction #1 (hexadecimal format) with unspent outputs at the source address
OR
input a filename located in the current directory which contains the raw transaction data
(If the transaction data is over ~4000 characters long, you _must_ use a file.):

Transaction data found for source address.
TOTAL unspent amount for this raw transaction: 0.00005000 BTC

How many private keys will you be signing this transaction with (at least 2 required to complete transaction)?
#: Key #1: Key #2: 
Enter fee rate.
Satoshis per vbyte: 
Based on the provided rate, the fee will be 0.00004020 bitcoin.
Confirm? (y/n): 
Please enter the decimal amount (in bitcoin) to withdraw to the destination address.

Example: For 2.3 bitcoins, enter "2.3".

After a fee of 0.00004020, you have 0.00000980 bitcoins available to withdraw.

*** Technical note for experienced Bitcoin users:  If the withdrawal amount & fee are cumulatively less than the total amount of the unspent transactions, the remainder will be sent back to the same cold storage address as change. ***

Amount to send to bcrt1qd6ytm9pheet00qqqtx5df5fh74tcsrxdm7qpqa (leave blank to withdraw all funds stored in these unspent transactions): 0.00000580 being returned to cold storage address address 2N238gpicqPFfMz8sUN7pqqaJnYkgsC1WmL.

Is this data correct?
*** WARNING: Incorrect data may lead to loss of funds ***

0.00005000 BTC in unspent inputs from cold storage address 2N238gpicqPFfMz8sUN7pqqaJnYkgsC1WmL
0.00000580 BTC going back to cold storage address 2N238gpicqPFfMz8sUN7pqqaJnYkgsC1WmL
0.00000400 BTC going to destination address bcrt1qd6ytm9pheet00qqqtx5df5fh74tcsrxdm7qpqa
Fee amount: 0.00004020

Signing with private keys: 
cSfvoUsWWZ81M4qGYciPHdNxHXQxPEsXBdGWjYdchpisPabtiKVQ
cPWVKeCBjnv833Kayc6nczBbG4YqqbCucup3n5D68WPzBEfceBAQ


Confirm? (y/n): 
Calculating transaction...

Final fee rate: 10.00 satoshis per vbyte

Raw signed transaction (hex):
020000000191fd6940a7b94ff40069668e6d16af3afbbde5e636c9dfe894a1e54afa63e99101000000fd1e010047304402207017e0e4d4c26cc7ffe928ca51ee79f0f8d7d2de5fbc008847f9a400c0a27df9022031a84af21d92e8d9e28d70f86f15c964922c4ddb29fad0b5fa3b7e8fd84b302b0147304402200091b634fc996d9fb5304cacfb48acd9a13183f2a2b237d158fccf8a4a54f6aa02204b6c0c7cd2a992bd856170b393263b7c097028e18296064ed06348ed6ad76946014c8b52210277f15f22aeffaf3f3bc48a280a767f7c6af21276783c09ff3bcaabbece178113210203f642223bc751e125ab604ed20c544e933eb82a19201f90bda6236a9ddbedac21026895f3ed01c09025ba9cfab7b67d699e3ebaceada0beff70bc72c7f10df2d1c621039f3cb152130c241e01b9220a147f69f7111b830def35b510973ab47bb9af7ff654aeffffffff02440200000000000017a914606fb72624603795d73b911a729d88f95f9b6ac88790010000000000001600146e88bd9437ce56f7800059a8d4d137f557880ccd00000000

Transaction fingerprint (md5):
eb79314ad1d87e8e575e8a8694bc6799
QR code for transaction written to transaction.png
