Are you running this on a computer WITHOUT a network connection of any kind? (y/n)?Have the wireless cards in this computer been physically removed? (y/n)?Are you running on battery power? (y/n)?Are you running on an operating system booted from a USB drive? (y/n)?Is your screen hidden from view of windows, cameras, and other people? (y/n)?Are smartphones and all other nearby devices turned off and in a Faraday bag? (y/n)?
You will need to enter several pieces of information to create a withdrawal transaction.


*** PLEASE BE SURE TO ENTER THE CORRECT DESTINATION ADDRESS ***


Source cold storage address: 
Redemption script for source cold storage address: 
Destination address: 
How many unspent transactions will you be using for this withdrawal? 
Please paste raw transaction #1 (hexadecimal format) with unspent outputs at the source address
OR
input a filename located in the current directory which contains the raw transaction data
(If the transaction data is over ~4000 characters long, you _must_ use a file.):

Transaction data found for source address.
TOTAL unspent amount for this raw transaction: 0.99891193 BTC

How many private keys will you be signing this transaction with? 
#: Key #1: Key #2: 
Enter fee rate.
Satoshis per vbyte: 
Based on the provided rate, the fee will be 0.00002210 bitcoin.
Confirm? (y/n): 
Please enter the decimal amount (in bitcoin) to withdraw to the destination address.

Example: For 2.3 bitcoins, enter "2.3".

After a fee of 0.00002210, you have 0.99888983 bitcoins available to withdraw.

*** Technical note for experienced Bitcoin users:  If the withdrawal amount & fee are cumulatively less than the total amount of the unspent transactions, the remainder will be sent back to the same cold storage address as change. ***

Amount to send to bcrt1qee3t5sd9ls6alawew56qqnucf44gj7tajk3232 (leave blank to withdraw all funds stored in these unspent transactions): With no change output, the transaction fee is reduced, and 0.99889303 BTC will be sent to your destination.

Is this data correct?
*** WARNING: Incorrect data may lead to loss of funds ***

0.99891193 BTC in unspent inputs from cold storage address 2N93du8YobdgsHyu3qgBvSyhGUT52utMNeA
0.99889303 BTC going to destination address bcrt1qee3t5sd9ls6alawew56qqnucf44gj7tajk3232
Fee amount: 0.00001890

Signing with private keys: 
cQCrT9Ncs9729ao7jbmAWrD9z7tF64s2yKzmD6nkiLAi9sXVZWAn
cP65UeSDZPiTLB6CBwasWv9oJYEjRgQXhswfwcT9HscEKDcEbgy4


Confirm? (y/n): 
Calculating transaction...


Raw signed transaction (hex):
02000000000101e88a77c2db2a5fa939a108aaf894d0939e91ca40acd9393c60bb263b25359d07000000002322002065c863c750331cc03efb4daca217e7925cff87f5e9ca9927564234be0d6278e8ffffffff019730f40500000000160014ce62ba41a5fc35dff5d97534004f984d6a89797d040047304402201c042c5f241dc68b194a49eca235856f20234a9d8f610c2b3f44f8727fd6db43022001224d1ca09b53da82301fc11963c544fb349d2dd189a1eebd8a491e515be59201473044022058add16c858e8c2cde4ceed4962c39cadd5206fa6e438667b81786e3401bb43c022066af2ac2ae6289accff82971decd20529870d8cf8fad884dc637fef1100f8350018b522103d14ddcfb6817f5579695bbb3eb3e185887bf2942b031e6f716343b8fe7e9e8e221028fcd46f8614b2cbf318096968242a1e22bcfb6d8f2b6dc939c8c27c347b2937b210315acb550120f4cdcb460d5c49080ab508ca4ccd8dedecac22feeac8cd017d4c121022b063ee2f22f9e1982c140fe778672c683111a796dcccdbd47bb65e3d608a98354ae00000000

Transaction fingerprint (md5):
0e5e4977dc56a2604b4dd6a0a07f90d8
QR code for transaction written to transaction.png
