Are you running this on a computer WITHOUT a network connection of any kind? (y/n)?Have the wireless cards in this computer been physically removed? (y/n)?Are you running on battery power? (y/n)?Are you running on an operating system booted from a USB drive? (y/n)?Is your screen hidden from view of windows, cameras, and other people? (y/n)?Are smartphones and all other nearby devices turned off and in a Faraday bag? (y/n)?
You will need to enter several pieces of information to create a withdrawal transaction.


*** PLEASE BE SURE TO ENTER THE CORRECT DESTINATION ADDRESS ***


Source cold storage address: 
Redemption script for source cold storage address: 
Destination address: 
How many unspent transactions will you be using for this withdrawal? 
Please paste raw transaction #1 (hexadecimal format) with unspent outputs at the source address
OR
input a filename located in the current directory which contains the raw transaction data
(If the transaction data is over ~4000 characters long, you _must_ use a file.):

Transaction data found for source address.
TOTAL unspent amount for this raw transaction: 0.10000000 BTC

How many private keys will you be signing this transaction with? 
#: Key #1: Key #2: 
Enter fee rate.
Satoshis per vbyte: 
Based on the provided rate, the fee will be 0.00002240 bitcoin.
Confirm? (y/n): 
Please enter the decimal amount (in bitcoin) to withdraw to the destination address.

Example: For 2.3 bitcoins, enter "2.3".

After a fee of 0.00002240, you have 0.09997760 bitcoins available to withdraw.

*** Technical note for experienced Bitcoin users:  If the withdrawal amount & fee are cumulatively less than the total amount of the unspent transactions, the remainder will be sent back to the same cold storage address as change. ***

Amount to send to myP4xdJNwAW9iMakvCjnozg814ewgn8apd (leave blank to withdraw all funds stored in these unspent transactions): 0.06997760 being returned to cold storage address address 2N93du8YobdgsHyu3qgBvSyhGUT52utMNeA.

Is this data correct?
*** WARNING: Incorrect data may lead to loss of funds ***

0.10000000 BTC in unspent supplied transactions
0.06997760 BTC going back to cold storage address 2N93du8YobdgsHyu3qgBvSyhGUT52utMNeA
0.03000000 BTC going to destination address myP4xdJNwAW9iMakvCjnozg814ewgn8apd
Fee amount: 0.00002240

Signing with private keys: 
cQCrT9Ncs9729ao7jbmAWrD9z7tF64s2yKzmD6nkiLAi9sXVZWAn
cP65UeSDZPiTLB6CBwasWv9oJYEjRgQXhswfwcT9HscEKDcEbgy4


Confirm? (y/n): 
Calculating transaction...


Sufficient private keys to execute transaction?
True

Raw signed transaction (hex):
0200000000010153b325ad13ee8dfb31eab188dbfdb8eae8446a6692d7d1bdd56598caa5e8fbed010000002322002065c863c750331cc03efb4daca217e7925cff87f5e9ca9927564234be0d6278e8ffffffff0200c76a000000000017a914ad50fb2489353008e75b0193011ff1f4b76f798c87c0c62d00000000001976a914c3f4800772d58f5429dcb550b1a6a53580175bc188ac04004730440220204946131b118edb9e17a479ecfa3a8ad415286f23c2edfde8b8b196326acaa7022039b22fe4e2855055f6847424da229e93db4bc95f50f7872840e201fdfb6d83290147304402201e36ab7965e55e0a47822d380f78b6950bcf4514a922396c2c8183fe9ecff3ab02201123d7fccba203e1caf0cff9951e84d0139f657a865ab76f5a4e521ae83dffdd018b522103d14ddcfb6817f5579695bbb3eb3e185887bf2942b031e6f716343b8fe7e9e8e221028fcd46f8614b2cbf318096968242a1e22bcfb6d8f2b6dc939c8c27c347b2937b210315acb550120f4cdcb460d5c49080ab508ca4ccd8dedecac22feeac8cd017d4c121022b063ee2f22f9e1982c140fe778672c683111a796dcccdbd47bb65e3d608a98354ae00000000

Transaction fingerprint (md5):
a9b61b8a329f2ef6c7e9a3965dbff095
QR code for transaction written to transaction.png
