Are you running this on a computer WITHOUT a network connection of any kind? (y/n)?Have the wireless cards in this computer been physically removed? (y/n)?Are you running on battery power? (y/n)?Are you running on an operating system booted from a USB drive? (y/n)?Is your screen hidden from view of windows, cameras, and other people? (y/n)?Are smartphones and all other nearby devices turned off and in a Faraday bag? (y/n)?
You will need to enter several pieces of information to create a withdrawal transaction.


*** PLEASE BE SURE TO ENTER THE CORRECT DESTINATION ADDRESS ***


Source cold storage address: 
Redemption script for source cold storage address: 
Destination address: 
How many unspent transactions will you be using for this withdrawal? 
Please paste raw transaction #1 (hexadecimal format) with unspent outputs at the source address
OR
input a filename located in the current directory which contains the raw transaction data
(If the transaction data is over ~4000 characters long, you _must_ use a file.):

Please paste raw transaction #2 (hexadecimal format) with unspent outputs at the source address
OR
input a filename located in the current directory which contains the raw transaction data
(If the transaction data is over ~4000 characters long, you _must_ use a file.):

Please paste raw transaction #3 (hexadecimal format) with unspent outputs at the source address
OR
input a filename located in the current directory which contains the raw transaction data
(If the transaction data is over ~4000 characters long, you _must_ use a file.):

Please paste raw transaction #4 (hexadecimal format) with unspent outputs at the source address
OR
input a filename located in the current directory which contains the raw transaction data
(If the transaction data is over ~4000 characters long, you _must_ use a file.):

Please paste raw transaction #5 (hexadecimal format) with unspent outputs at the source address
OR
input a filename located in the current directory which contains the raw transaction data
(If the transaction data is over ~4000 characters long, you _must_ use a file.):

Please paste raw transaction #6 (hexadecimal format) with unspent outputs at the source address
OR
input a filename located in the current directory which contains the raw transaction data
(If the transaction data is over ~4000 characters long, you _must_ use a file.):

Please paste raw transaction #7 (hexadecimal format) with unspent outputs at the source address
OR
input a filename located in the current directory which contains the raw transaction data
(If the transaction data is over ~4000 characters long, you _must_ use a file.):

Transaction data found for source address.
TOTAL unspent amount for this raw transaction: 0.07230000 BTC

How many private keys will you be signing this transaction with (at least 2 required to complete transaction)?
#: Key #1: Key #2: 
Enter fee rate.
Satoshis per vbyte: 
Based on the provided rate, the fee will be 0.00003279 bitcoin.
Confirm? (y/n): 
Please enter the decimal amount (in bitcoin) to withdraw to the destination address.

Example: For 2.3 bitcoins, enter "2.3".

After a fee of 0.00003279, you have 0.07226721 bitcoins available to withdraw.

*** Technical note for experienced Bitcoin users:  If the withdrawal amount & fee are cumulatively less than the total amount of the unspent transactions, the remainder will be sent back to the same cold storage address as change. ***

Amount to send to bcrt1qrwxllgvtc0ns624dlped894kkfq608jmye2k50 (leave blank to withdraw all funds stored in these unspent transactions): With no change output, the transaction fee is reduced, and 0.07226753 BTC will be sent to your destination.

Is this data correct?
*** WARNING: Incorrect data may lead to loss of funds ***

0.07230000 BTC in unspent inputs from cold storage address 2MyCc3oEVwSYzgmspKTjZ6HZrzeg8ajdmKR
0.07226753 BTC going to destination address bcrt1qrwxllgvtc0ns624dlped894kkfq608jmye2k50
Fee amount: 0.00003247

Signing with private keys: 
93VDtjySSuPjgLYyCR6BBTqCuaqu6X728ZfkNEDbgAdVURRd1rS
924WjH7yMYyuyhUougBHEu2vThcHRmahF6FsKvNVQBwSGuEyqKm


Confirm? (y/n): 
Calculating transaction...

Final fee rate: 1.00 satoshis per vbyte

Raw signed transaction (hex):
0200000007e2ba88f4a0d52ba8e54c660ebe7bb585c03f5f445fa5c25dfab969c8dce667f001000000fd9f01004730440220294f169e1692b9ab7c4608cd4bf1fd86bfd2e3efcf26931c7165843ca9a0bc5b022013dea7f384abf6bece4c28d7b05cb96d3091bdcdc8cfe575cc6942c216ed0fc601473044022028dab3a21f2dd09b8910e9b249064cef58e8305ff3230f6683947502d7aa4f2202201f1fa2d1803b9a345ac0e357281cffe8d641da8302c41ba9853e7554932c7eb0014d0b0152410498137b6223a9fa395e16fe6e49a7f4a737029d4476ec35844a8469e358d641b85a5bf355d570699d63cde87da1d450e1966d97ee61a99b51995a11eb7ea0f6744104fd9a69f95e31c3b8d2c97925e0f151dd1c67f3b71e3ba6db8f20d944e6e94d9b5e3ad4c12a5f9bd6d2137cf69b015f9637de61aafae29fdfccf8ef5a4cd81e374104ff188a131ee79900a4cdbe68c5ea84ad73b8acf8414e5895f6c7b0e4779ef50d39ba369a34cd3f7216877769a292ccf52c2653c799a138321bf8c1e03a9120594104eeafc0621008662a9977b953ee7f7af87981830f561cac50387211c75d58bcb751414fc9abe0cf4a28a4044806ccd54b3f80ba990e0eff046bb1b930968b973a54aeffffffffc3c63121ecb0abc64f8bdbcb019956917c0ed1ef1d20f9edf84924aba6e2961c01000000fd9f010047304402206230083f7c461f583f23d74aafbb4dcb114242697d6bc198b97e054965c96d25022017542974bd1ff085344438f1bd3f7519c69fdf705659e654b32acb8d1139fd710147304402202e9cd33a627ed2f9927add820f93a353b059df70b99308f21334d5edae9262fe02203e443940f29a7cfbdbc4f2a7044e90e19a30c8d619002109c234ecd3c0648871014d0b0152410498137b6223a9fa395e16fe6e49a7f4a737029d4476ec35844a8469e358d641b85a5bf355d570699d63cde87da1d450e1966d97ee61a99b51995a11eb7ea0f6744104fd9a69f95e31c3b8d2c97925e0f151dd1c67f3b71e3ba6db8f20d944e6e94d9b5e3ad4c12a5f9bd6d2137cf69b015f9637de61aafae29fdfccf8ef5a4cd81e374104ff188a131ee79900a4cdbe68c5ea84ad73b8acf8414e5895f6c7b0e4779ef50d39ba369a34cd3f7216877769a292ccf52c2653c799a138321bf8c1e03a9120594104eeafc0621008662a9977b953ee7f7af87981830f561cac50387211c75d58bcb751414fc9abe0cf4a28a4044806ccd54b3f80ba990e0eff046bb1b930968b973a54aeffffffffbf0e0391c69519fcf062a11f5819bd8fa5579d6a3973ae3b7fa20d6a17cd079401000000fd9f010047304402201a8a045ba3ca30606b5bda2023e0ed66d9b3c94a902549e6ef8b875602627be702205f615729c8cd6ee4a9b832f40aadd422499b1505dd1e766b16b8847af06181f50147304402203ad8316c6dd561aca259b09b1349a6e0e592a05c7456b303b065b2b8ea8ce11e0220133a83c161129ef29acc4dded192bc12cb822617aac37c5e240613adef8a967f014d0b0152410498137b6223a9fa395e16fe6e49a7f4a737029d4476ec35844a8469e358d641b85a5bf355d570699d63cde87da1d450e1966d97ee61a99b51995a11eb7ea0f6744104fd9a69f95e31c3b8d2c97925e0f151dd1c67f3b71e3ba6db8f20d944e6e94d9b5e3ad4c12a5f9bd6d2137cf69b015f9637de61aafae29fdfccf8ef5a4cd81e374104ff188a131ee79900a4cdbe68c5ea84ad73b8acf8414e5895f6c7b0e4779ef50d39ba369a34cd3f7216877769a292ccf52c2653c799a138321bf8c1e03a9120594104eeafc0621008662a9977b953ee7f7af87981830f561cac50387211c75d58bcb751414fc9abe0cf4a28a4044806ccd54b3f80ba990e0eff046bb1b930968b973a54aeffffffffaaa27862e63e4a8f07acd90b134c5daae8b3917e329bb2b9944ab93a28578bfc00000000fd9f010047304402200c42fa213d695fca12a311feeb9b9526c2d34e68db6389013c1ec5736b873f0002207136fa4305d6eccc2b8e9fde5b940c593f0e487570d8c7f47a7f29abcfd967270147304402205490ea9feee3cd4ebab54456d282b60fb946d7d8c54ca1589860ae6b5ab3785502202e8114fb6daad46ff24335da98a8faff056b08d6e99e3162a70a4830cef58895014d0b0152410498137b6223a9fa395e16fe6e49a7f4a737029d4476ec35844a8469e358d641b85a5bf355d570699d63cde87da1d450e1966d97ee61a99b51995a11eb7ea0f6744104fd9a69f95e31c3b8d2c97925e0f151dd1c67f3b71e3ba6db8f20d944e6e94d9b5e3ad4c12a5f9bd6d2137cf69b015f9637de61aafae29fdfccf8ef5a4cd81e374104ff188a131ee79900a4cdbe68c5ea84ad73b8acf8414e5895f6c7b0e4779ef50d39ba369a34cd3f7216877769a292ccf52c2653c799a138321bf8c1e03a9120594104eeafc0621008662a9977b953ee7f7af87981830f561cac50387211c75d58bcb751414fc9abe0cf4a28a4044806ccd54b3f80ba990e0eff046bb1b930968b973a54aeffffffff3c35b39a29343aa950f22a651afb2a667c2d8188d41e696bc3234545735800c501000000fd9f0100473044022021e0517c29d1292f3e3c5ad4946e7936501c72afcbdc2ca07900076a305878dc022047294ddb09d27d5ab5b48d934b35b1770cbd28ad177552277eb3424a8336c2c101473044022059e1ee526b03691b784351d936a403a6bd2a1e8b0d25cc075bbdc8d373120d0602204d13ee719cdfd93fcd57375e6f57603d0148fc99ffc0f5a44a6486690f7b5f02014d0b0152410498137b6223a9fa395e16fe6e49a7f4a737029d4476ec35844a8469e358d641b85a5bf355d570699d63cde87da1d450e1966d97ee61a99b51995a11eb7ea0f6744104fd9a69f95e31c3b8d2c97925e0f151dd1c67f3b71e3ba6db8f20d944e6e94d9b5e3ad4c12a5f9bd6d2137cf69b015f9637de61aafae29fdfccf8ef5a4cd81e374104ff188a131ee79900a4cdbe68c5ea84ad73b8acf8414e5895f6c7b0e4779ef50d39ba369a34cd3f7216877769a292ccf52c2653c799a138321bf8c1e03a9120594104eeafc0621008662a9977b953ee7f7af87981830f561cac50387211c75d58bcb751414fc9abe0cf4a28a4044806ccd54b3f80ba990e0eff046bb1b930968b973a54aeffffffff813553f40d42a0c10c601f05eabc3d245afbfbea1ead2d9451098caf9826e20000000000fd9f0100473044022045d76a456bf28945e8d7ade7738a443338c9ad744ce9d3e3ea744b337cb671f1022065f0446e3f0a2166927b9423dae5f4d23f9b201af5e411120b31104fab7d41510147304402202ed71eb9491a764cf6582716fef4d44c0e1ca55507378942ce76178015f1a8e002200629cdadbad1ebc4bb285e8ba2dc40286bb51c0694a38284259625af295ff1b9014d0b0152410498137b6223a9fa395e16fe6e49a7f4a737029d4476ec35844a8469e358d641b85a5bf355d570699d63cde87da1d450e1966d97ee61a99b51995a11eb7ea0f6744104fd9a69f95e31c3b8d2c97925e0f151dd1c67f3b71e3ba6db8f20d944e6e94d9b5e3ad4c12a5f9bd6d2137cf69b015f9637de61aafae29fdfccf8ef5a4cd81e374104ff188a131ee79900a4cdbe68c5ea84ad73b8acf8414e5895f6c7b0e4779ef50d39ba369a34cd3f7216877769a292ccf52c2653c799a138321bf8c1e03a9120594104eeafc0621008662a9977b953ee7f7af87981830f561cac50387211c75d58bcb751414fc9abe0cf4a28a4044806ccd54b3f80ba990e0eff046bb1b930968b973a54aeffffffff68237326b3a24f396d757d8cbb5dbf1d4a800cb1ff761116c7f6050ec63c51bc00000000fd9f01004730440220474bfa8eea90a66bcf0ddcb5703ecc390cbf7c084eca379d59babefa1569aa7e02207e6537b2bbfc2b5ac01358327ff9e56ca07a7eb9c0e2586404bf74b763552e810147304402207766b5c75f00f3d25ec89066d839bc649c1519655d1644d70f65bb8a5d9b9f3902200a24ecf41fd5339b328c522cb6f4f89bdcff7c2fdef0aebabb5d35e22dd992da014d0b0152410498137b6223a9fa395e16fe6e49a7f4a737029d4476ec35844a8469e358d641b85a5bf355d570699d63cde87da1d450e1966d97ee61a99b51995a11eb7ea0f6744104fd9a69f95e31c3b8d2c97925e0f151dd1c67f3b71e3ba6db8f20d944e6e94d9b5e3ad4c12a5f9bd6d2137cf69b015f9637de61aafae29fdfccf8ef5a4cd81e374104ff188a131ee79900a4cdbe68c5ea84ad73b8acf8414e5895f6c7b0e4779ef50d39ba369a34cd3f7216877769a292ccf52c2653c799a138321bf8c1e03a9120594104eeafc0621008662a9977b953ee7f7af87981830f561cac50387211c75d58bcb751414fc9abe0cf4a28a4044806ccd54b3f80ba990e0eff046bb1b930968b973a54aeffffffff0181456e00000000001600141b8dffa18bc3e70d2aadf872d396b6b241a79e5b00000000

Transaction fingerprint (md5):
13a673b34ee229b8d449c936ffd489fb
QR code for transaction written to transaction-01.png,transaction-02.png
transaction-01.png
transaction-02.png
