Are you running this on a computer WITHOUT a network connection of any kind? (y/n)?Have the wireless cards in this computer been physically removed? (y/n)?Are you running on battery power? (y/n)?Are you running on an operating system booted from a USB drive? (y/n)?Is your screen hidden from view of windows, cameras, and other people? (y/n)?Are smartphones and all other nearby devices turned off and in a Faraday bag? (y/n)?
You will need to enter several pieces of information to create a withdrawal transaction.


*** PLEASE BE SURE TO ENTER THE CORRECT DESTINATION ADDRESS ***


Source cold storage address: 
Redemption script for source cold storage address: 
Destination address: 
How many unspent transactions will you be using for this withdrawal? 
Please paste raw transaction #1 (hexadecimal format) with unspent outputs at the source address
OR
input a filename located in the current directory which contains the raw transaction data
(If the transaction data is over ~4000 characters long, you _must_ use a file.):

Please paste raw transaction #2 (hexadecimal format) with unspent outputs at the source address
OR
input a filename located in the current directory which contains the raw transaction data
(If the transaction data is over ~4000 characters long, you _must_ use a file.):

Please paste raw transaction #3 (hexadecimal format) with unspent outputs at the source address
OR
input a filename located in the current directory which contains the raw transaction data
(If the transaction data is over ~4000 characters long, you _must_ use a file.):

Please paste raw transaction #4 (hexadecimal format) with unspent outputs at the source address
OR
input a filename located in the current directory which contains the raw transaction data
(If the transaction data is over ~4000 characters long, you _must_ use a file.):

Transaction data found for source address.
TOTAL unspent amount for this raw transaction: 1.69999151 BTC

How many private keys will you be signing this transaction with? 
#: Key #1: Key #2: 
Enter fee rate.
Satoshis per vbyte: 
Based on the provided rate, the fee will be 0.00001390 bitcoin.
Confirm? (y/n): 
Please enter the decimal amount (in bitcoin) to withdraw to the destination address.

Example: For 2.3 bitcoins, enter "2.3".

After a fee of 0.00001390, you have 1.69997761 bitcoins available to withdraw.

*** Technical note for experienced Bitcoin users:  If the withdrawal amount & fee are cumulatively less than the total amount of the unspent transactions, the remainder will be sent back to the same cold storage address as change. ***

Amount to send to 2N5PvoFj6adLPcqHAD24MxEZxvdQMGBLXow (leave blank to withdraw all funds stored in these unspent transactions): With no change output, the transaction fee is reduced, and 1.69997793 BTC will be sent to your destination.

Is this data correct?
*** WARNING: Incorrect data may lead to loss of funds ***

1.69999151 BTC in unspent supplied transactions
1.69997793 BTC going to destination address 2N5PvoFj6adLPcqHAD24MxEZxvdQMGBLXow
Fee amount: 0.00001358

Signing with private keys: 
cQCrT9Ncs9729ao7jbmAWrD9z7tF64s2yKzmD6nkiLAi9sXVZWAn
cP65UeSDZPiTLB6CBwasWv9oJYEjRgQXhswfwcT9HscEKDcEbgy4


Confirm? (y/n): 
Calculating transaction...


Sufficient private keys to execute transaction?
True

Raw signed transaction (hex):
020000000448121218e5e85b910bdfb12be923b84e5bd1b7bda6dfdf188762b415695cc97501000000fd1e0100473044022049e993d3818ab6b631ffa4fbcbd99a9c712317d8c6e323699b2be2e22f85f180022061d9b807ac4ab2c809f95f30e1224a5964d2f47923eaaf94407d1ff50848112f01473044022079492bcbda7858e80880cec52757958a52b307980b0ecc21eb1825d0e0c9565602203332b762cd164be76d1ec964726d5fc9ff1fd8a922c9be34ccbc0c16bbcd95b7014c8b522103d14ddcfb6817f5579695bbb3eb3e185887bf2942b031e6f716343b8fe7e9e8e221028fcd46f8614b2cbf318096968242a1e22bcfb6d8f2b6dc939c8c27c347b2937b210315acb550120f4cdcb460d5c49080ab508ca4ccd8dedecac22feeac8cd017d4c121022b063ee2f22f9e1982c140fe778672c683111a796dcccdbd47bb65e3d608a98354aeffffffffdf1e32efe8b3222707f4d796fcf2a282195642a1e9da8fd0e510113acc97cc9200000000fd1e0100473044022079c9887ae3051740a88b53ec48ec6d34e72b7a42724c2fa20d3a1b96965048a60220284828fd8a4e9b943051ee001be33beb39fca31cd440040fff9a58bf78714564014730440220286d55ae014535b4e2521142fc0e4dec74eacb8f3ad37f164b495f79413b32870220233430050f097d1559465d946e31034667239d922c0e40974104dfe74e6641fa014c8b522103d14ddcfb6817f5579695bbb3eb3e185887bf2942b031e6f716343b8fe7e9e8e221028fcd46f8614b2cbf318096968242a1e22bcfb6d8f2b6dc939c8c27c347b2937b210315acb550120f4cdcb460d5c49080ab508ca4ccd8dedecac22feeac8cd017d4c121022b063ee2f22f9e1982c140fe778672c683111a796dcccdbd47bb65e3d608a98354aeffffffffbf710bfffa3c2faba4b1f4e366ae12de6ff6ecc21d4b2aed36bd78aa3e1dc8a600000000fd1e0100473044022047cfb42b7c7f9f1500973553e9826be7dbcb700aa2794d4627f44bbf597ae0bd02204cdf82a74f32531f849d489737d61ffcb49f87b9b27fedb51973b52b849463bf01473044022008ecc1f558f7b7fd734a0bbb0a497ed8ab9047c592b546629a40063c8cd67d1102204f226915d9efa144eec808375bc0a35df640cef247fda176d05848e425cc87a5014c8b522103d14ddcfb6817f5579695bbb3eb3e185887bf2942b031e6f716343b8fe7e9e8e221028fcd46f8614b2cbf318096968242a1e22bcfb6d8f2b6dc939c8c27c347b2937b210315acb550120f4cdcb460d5c49080ab508ca4ccd8dedecac22feeac8cd017d4c121022b063ee2f22f9e1982c140fe778672c683111a796dcccdbd47bb65e3d608a98354aeffffffffa2bfdfe27c66b657352f963931a6587f7d453a2e05cfe2633e5a3e43a4a8986400000000fd1e0100473044022044499bd6b6cdaaa583634722c3431f3ad16c167ba145ad70f1ebfd1626531b24022075a3de7bec8f70ad332ccb4c620222aeb0fdd04f76cdcfaaeaa5bc564a91f884014730440220767d2e87adfa7d95055222d004798ee95acc747fc87131af4718dd8f366c64ac02207d857a4b20f1b3976321674e77c79fccf131b48637fa81955ec1bd3181587e5e014c8b522103d14ddcfb6817f5579695bbb3eb3e185887bf2942b031e6f716343b8fe7e9e8e221028fcd46f8614b2cbf318096968242a1e22bcfb6d8f2b6dc939c8c27c347b2937b210315acb550120f4cdcb460d5c49080ab508ca4ccd8dedecac22feeac8cd017d4c121022b063ee2f22f9e1982c140fe778672c683111a796dcccdbd47bb65e3d608a98354aeffffffff01e1f5210a0000000017a9148546e747c8094376b0a0af44bc5bbb8dd4f0218d8700000000

Transaction fingerprint (md5):
ca63db94948541157fb39f97f357e464
QR code for transaction written to transaction.png
