Are you running this on a computer WITHOUT a network connection of any kind? (y/n)?Have the wireless cards in this computer been physically removed? (y/n)?Are you running on battery power? (y/n)?Are you running on an operating system booted from a USB drive? (y/n)?Is your screen hidden from view of windows, cameras, and other people? (y/n)?Are smartphones and all other nearby devices turned off and in a Faraday bag? (y/n)?Input a filename located in the current directory which contains the PSBT:
0.02000000 BTC in unspent inputs from cold storage address 2Mv6fmwU6Nj6tiSNHzxSDz8vFiEJkYQ46Fm
0.01998100 BTC going to destination address 2NBNqB9wqYYxgcCSeqNrR9RmHc4NsLm7jWe
Fee amount: 0.00001900
Confirm? (y/n): 
How many private keys will you be signing this transaction with (at least 2 required to complete transaction)?
#: Key #1: Key #2: Key #3: ERROR: that key does not belong to this source address. Exiting...
