Are you running this on a computer WITHOUT a network connection of any kind? (y/n)?Have the wireless cards in this computer been physically removed? (y/n)?Are you running on battery power? (y/n)?Are you running on an operating system booted from a USB drive? (y/n)?Is your screen hidden from view of windows, cameras, and other people? (y/n)?Are smartphones and all other nearby devices turned off and in a Faraday bag? (y/n)?Input a filename located in the current directory which contains the PSBT:
1.69999151 BTC in unspent inputs from cold storage address 2NAVkgszAvjZZwWpHpbCaxSaNqCCXPD8Bts
1.69997793 BTC going to destination address 2N5PvoFj6adLPcqHAD24MxEZxvdQMGBLXow
Fee amount: 0.00001358
Confirm? (y/n): 
How many private keys will you be signing this transaction with (at least 2 required to complete transaction)?
#: Key #1: Key #2: 
Is this data correct?
*** WARNING: Incorrect data may lead to loss of funds ***

1.69999151 BTC in unspent inputs from cold storage address 2NAVkgszAvjZZwWpHpbCaxSaNqCCXPD8Bts
1.69997793 BTC going to destination address 2N5PvoFj6adLPcqHAD24MxEZxvdQMGBLXow
Fee amount: 0.00001358

Signing with private keys: 
cQCrT9Ncs9729ao7jbmAWrD9z7tF64s2yKzmD6nkiLAi9sXVZWAn
cP65UeSDZPiTLB6CBwasWv9oJYEjRgQXhswfwcT9HscEKDcEbgy4


Confirm? (y/n): 
Calculating transaction...

Final fee rate: 1.00 satoshis per vbyte

Raw signed transaction (hex):
0200000004a1d20d94eaf7d27951aa7d6c09ce2a2df6a74b63a408d3cc748cd5f68540987601000000fd1e010047304402203636f0fade964147f9f73d44f418859e5d0080d4cd9d78d5f27ed6a885348e700220266a7c25b6d6b704b8fcb99629d78d011d9b8507d1c01f1ef37dfec5c6c0fdbc014730440220604999f47ba05c243dda0f34246e5eb1fd58b98116f3ab72e5e139b24bb4d528022072828656c98f50d095161383eafd86daac01c0025c769acaddaf6198333260d2014c8b522103d14ddcfb6817f5579695bbb3eb3e185887bf2942b031e6f716343b8fe7e9e8e221028fcd46f8614b2cbf318096968242a1e22bcfb6d8f2b6dc939c8c27c347b2937b210315acb550120f4cdcb460d5c49080ab508ca4ccd8dedecac22feeac8cd017d4c121022b063ee2f22f9e1982c140fe778672c683111a796dcccdbd47bb65e3d608a98354aeffffffff3eee6450703647b065969d17552fa3c76e513eed246e5330b811904401cbc3a800000000fd1e010047304402203825edb4a15afc0faabca49f60a62cc60ce1e3b0e71ca6bdf1e14d1f873db495022024f42c858324fe792bf8d4535576b41136c6ce605398f5c3e213025df4f6d1c80147304402206e2e7f540a03b2799f05ef318ac6d83057be90b49407707c52fdbc1a0cc00a2702206b2837485d890fbdea7423c7cf60900183bb2bed03ce00a18edbdcd719980842014c8b522103d14ddcfb6817f5579695bbb3eb3e185887bf2942b031e6f716343b8fe7e9e8e221028fcd46f8614b2cbf318096968242a1e22bcfb6d8f2b6dc939c8c27c347b2937b210315acb550120f4cdcb460d5c49080ab508ca4ccd8dedecac22feeac8cd017d4c121022b063ee2f22f9e1982c140fe778672c683111a796dcccdbd47bb65e3d608a98354aeffffffff38e9d91af02cfc4c89ea2d7dc9d27aa9d5654dc6b2905bd9dd5a695144272a3500000000fd1e010047304402205ce4e8c3463b371ba5f96c2679405730c6cb855c22987258c72d704be6a2a26502205f72ccc6018a1229dbe40088e233307d158ee71dd6217bbbfe7af6ab72037333014730440220735d9024077000b819f2baaec5a25e8f1f51c38e782e38f07faa7ecf20e37d1f02204bcb42b465dc6ca0681cf26f2f144565fabaf308b66d1e64f79d161306644ea8014c8b522103d14ddcfb6817f5579695bbb3eb3e185887bf2942b031e6f716343b8fe7e9e8e221028fcd46f8614b2cbf318096968242a1e22bcfb6d8f2b6dc939c8c27c347b2937b210315acb550120f4cdcb460d5c49080ab508ca4ccd8dedecac22feeac8cd017d4c121022b063ee2f22f9e1982c140fe778672c683111a796dcccdbd47bb65e3d608a98354aeffffffffe4d2a68fac169d7bfbf387286a060d78960d28ed1f7def18bf169ece76ba5af700000000fd1e0100473044022077efa6ec04e34de55523c4c7fd49362dd610be21a0db678354c31d29f80103cb022017060a344bfaef3db06953aad4eb2a4761ea7179837183e5314f9d24745043a201473044022067fbbd1b82927561f1c75bc1cb7fdfa6b9307d6e774baca81fab36c73e201dbd022048ec801eaa906e28ccb37906a98bf0275a39f0a1033815cb8cab26503f6a170b014c8b522103d14ddcfb6817f5579695bbb3eb3e185887bf2942b031e6f716343b8fe7e9e8e221028fcd46f8614b2cbf318096968242a1e22bcfb6d8f2b6dc939c8c27c347b2937b210315acb550120f4cdcb460d5c49080ab508ca4ccd8dedecac22feeac8cd017d4c121022b063ee2f22f9e1982c140fe778672c683111a796dcccdbd47bb65e3d608a98354aeffffffff01e1f5210a0000000017a9148546e747c8094376b0a0af44bc5bbb8dd4f0218d8700000000

Transaction fingerprint (md5):
b113c61b950c8b99cfbc080ddc00ef4e
QR code for transaction written to transaction.png
