Are you running this on a computer WITHOUT a network connection of any kind? (y/n)?Have the wireless cards in this computer been physically removed? (y/n)?Are you running on battery power? (y/n)?Are you running on an operating system booted from a USB drive? (y/n)?Is your screen hidden from view of windows, cameras, and other people? (y/n)?Are smartphones and all other nearby devices turned off and in a Faraday bag? (y/n)?Input a filename located in the current directory which contains the PSBT:
0.20000000 BTC in unspent inputs from cold storage address 2MvdcuGhBWhwiHjTr7XUSydtv5FmMge93jS
0.19997810 BTC going to destination address mxBQD1QAYpwiudaCJdRhE9QSW9cokafJ99
Fee amount: 0.00002190
Confirm? (y/n): 
How many private keys will you be signing this transaction with (at least 3 required to complete transaction)?
#: Key #1: Key #2: Key #3: 
Is this data correct?
*** WARNING: Incorrect data may lead to loss of funds ***

0.20000000 BTC in unspent inputs from cold storage address 2MvdcuGhBWhwiHjTr7XUSydtv5FmMge93jS
0.19997810 BTC going to destination address mxBQD1QAYpwiudaCJdRhE9QSW9cokafJ99
Fee amount: 0.00002190

Signing with private keys: 
cN5pwP2oCxokXYFdRVYczUqLqdA8GYqGWfRjaprrQXgHrS6PTHaD
cVyhd5Ei9HX2wSny8S2nYYtW2ubiUPhzdx1JUiSTjNicQJYTGLQV
cUv81BVz1JWuA9uwECPvfsoyA1TqmFJBJaQUPYrxkdf44zQSiTZY


Confirm? (y/n): 
Calculating transaction...

Final fee rate: 10.00 satoshis per vbyte

Raw signed transaction (hex):
020000000001013743fb42f311867b317abe1c06e47099c6a5af4cb48aeea833450c24eb64bc6b01000000232200208e03bd637ebfec049d19df78d90085141eacbd14034793155f3822fd58d3dc5effffffff0172243101000000001976a914b6c7733e23a271e57ca16e5cd885174917968db988ac0500473044022008a2d74f7f91344ca77ea01f772e9b5611b06a5bcc56da9f03e792fdee4ed83302207a168a4bf1bfc9485166ccfb25c8f6b36ba67120644586b8969c693b38fa02aa0147304402202655bb868bdbc2535ebcd08de758e1876b6599ce4bc7665a1769518a38278f6e0220771d25618baeef10c7d6650267e1f65e92da3bd99ba4cb12b9923edcb190c3500147304402203254e2c9be2e2595891f7130cdf403fee3db7d8a4bf373df8938f5b745ca4ca302207d1167b67df988478a757f08e9eb173a4795d53f8833838fbec9bb0075cc4e3701ad53210320849607eed265c09f51cda0e972426558276384870651250aa4e8638c334ced2102766c70472a8a3de751d126eddac8436338f8447b1967b5aa3b12a2b9a6e712e921039080ddc448e7fe4985676a7d2d6567dfc2febb8207a6f29b9737233f4c3b44d62103fa2d2c07653afb0a73340ee9e6b10ff0d4624c93b01127e9a69efbed48468e0121029669b79d7e05f20ca7aa418edc839da904467253c9e47194cb83e69ee418315155ae00000000

Transaction fingerprint (md5):
77a56bf3a395c5966f18ccee3c4cd368
QR code for transaction written to transaction.png
