Are you running this on a computer WITHOUT a network connection of any kind? (y/n)?Have the wireless cards in this computer been physically removed? (y/n)?Are you running on battery power? (y/n)?Are you running on an operating system booted from a USB drive? (y/n)?Is your screen hidden from view of windows, cameras, and other people? (y/n)?Are smartphones and all other nearby devices turned off and in a Faraday bag? (y/n)?Input a filename located in the current directory which contains the PSBT:
0.42500000 BTC in unspent inputs from cold storage address 2NAVkgszAvjZZwWpHpbCaxSaNqCCXPD8Bts
0.42496290 BTC going to destination address 2N5PvoFj6adLPcqHAD24MxEZxvdQMGBLXow
Fee amount: 0.00003710
Confirm? (y/n): 
How many private keys will you be signing this transaction with (at least 2 required)?
#: Key #1: Key #2: Key #3: Key #4: 
Is this data correct?
*** WARNING: Incorrect data may lead to loss of funds ***

0.42500000 BTC in unspent inputs from cold storage address 2NAVkgszAvjZZwWpHpbCaxSaNqCCXPD8Bts
0.42496290 BTC going to destination address 2N5PvoFj6adLPcqHAD24MxEZxvdQMGBLXow
Fee amount: 0.00003710

Signing with private keys: 
cQCrT9Ncs9729ao7jbmAWrD9z7tF64s2yKzmD6nkiLAi9sXVZWAn
cP65UeSDZPiTLB6CBwasWv9oJYEjRgQXhswfwcT9HscEKDcEbgy4
cNYaH3onqrdMffpznhMMmrHn34fuTU59w5j8LM3H42VPcUsLeXy5
cRoydfinDRzzRQJp5niqJWukSYTfPJQM6ytqGN6nzonaz1mafgwD


Confirm? (y/n): 
Calculating transaction...

Final fee rate: 10 satoshis per vbyte

Raw signed transaction (hex):
02000000014c95f31df67bd1563ceb600a7c1a5613d9783aa21473b413166275bfbb69e43f01000000fd1e010047304402207c93b46aca78ddd0a7801f51cb65464a03a953a40f7a98311d093da63a7d56b102202c5cdfb36c49ecc7ab302e705d3ce2a4cbfb60d30f15da4cb1c20447c723a43501473044022037ca50526b9d5fcbe6b58334e88b361b8e43d0ef27e28315099265d84e90a64d02207e32224a392befb813025a19ab95ad07b2f9766c3e872dd0aa16ae6e3e6549ab014c8b522103d14ddcfb6817f5579695bbb3eb3e185887bf2942b031e6f716343b8fe7e9e8e221028fcd46f8614b2cbf318096968242a1e22bcfb6d8f2b6dc939c8c27c347b2937b210315acb550120f4cdcb460d5c49080ab508ca4ccd8dedecac22feeac8cd017d4c121022b063ee2f22f9e1982c140fe778672c683111a796dcccdbd47bb65e3d608a98354aeffffffff01227188020000000017a9148546e747c8094376b0a0af44bc5bbb8dd4f0218d8700000000

Transaction fingerprint (md5):
afd029da36f71c193493e8ef518da711
QR code for transaction written to transaction.png
