Are you running this on a computer WITHOUT a network connection of any kind? (y/n)?Have the wireless cards in this computer been physically removed? (y/n)?Are you running on battery power? (y/n)?Are you running on an operating system booted from a USB drive? (y/n)?Is your screen hidden from view of windows, cameras, and other people? (y/n)?Are smartphones and all other nearby devices turned off and in a Faraday bag? (y/n)?Input a filename located in the current directory which contains the PSBT:
0.05000000 BTC in unspent inputs from cold storage address bcrt1qvhyx836sxvwvq0hmfkk2y9l8jfw0lpl4a89fjf6kgg6turtz0r5q2wgvlj
0.04999692 BTC going to destination address bcrt1q5sgvwe9v3ksjk4u2qcp87y0q9urm0cwnrkhp23
Fee amount: 0.00000308
Confirm? (y/n): 
How many private keys will you be signing this transaction with (at least 2 required to complete transaction)?
#: Key #1: Key #2: 
Is this data correct?
*** WARNING: Incorrect data may lead to loss of funds ***

0.05000000 BTC in unspent inputs from cold storage address bcrt1qvhyx836sxvwvq0hmfkk2y9l8jfw0lpl4a89fjf6kgg6turtz0r5q2wgvlj
0.04999692 BTC going to destination address bcrt1q5sgvwe9v3ksjk4u2qcp87y0q9urm0cwnrkhp23
Fee amount: 0.00000308

Signing with private keys: 
cQCrT9Ncs9729ao7jbmAWrD9z7tF64s2yKzmD6nkiLAi9sXVZWAn
cP65UeSDZPiTLB6CBwasWv9oJYEjRgQXhswfwcT9HscEKDcEbgy4


Confirm? (y/n): 
Calculating transaction...

Final fee rate: 2 satoshis per vbyte

Raw signed transaction (hex):
020000000001013ac0fa7023a2b6ef5a183e544d6a97a0e79913226c946e2631d5ab52356fbd9f0100000000ffffffff010c4a4c0000000000160014a410c764ac8da12b578a06027f11e02f07b7e1d304004730440220134b6b0474cbb3454d2384a1c6c0d5101dde5f9bd2960954cc108cc3773b50be0220155a2180ef2e9bbf01c54405939e71a2fd3f968aef42394018ca7fc9e9eb978f014730440220542cf913cd8e0c36f473ebaf6a0ccb0e2759d6d35d492b6e3d80b75f0852b91c02202bbd64358abb53cce0b7701d7d595764c773ee474e96bf2b87d765ff22f1865f018b522103d14ddcfb6817f5579695bbb3eb3e185887bf2942b031e6f716343b8fe7e9e8e221028fcd46f8614b2cbf318096968242a1e22bcfb6d8f2b6dc939c8c27c347b2937b210315acb550120f4cdcb460d5c49080ab508ca4ccd8dedecac22feeac8cd017d4c121022b063ee2f22f9e1982c140fe778672c683111a796dcccdbd47bb65e3d608a98354ae00000000

Transaction fingerprint (md5):
cc67f284cf85982196b02eec3319a90b
QR code for transaction written to transaction.png
