Are you running this on a computer WITHOUT a network connection of any kind? (y/n)?Have the wireless cards in this computer been physically removed? (y/n)?Are you running on battery power? (y/n)?Are you running on an operating system booted from a USB drive? (y/n)?Is your screen hidden from view of windows, cameras, and other people? (y/n)?Are smartphones and all other nearby devices turned off and in a Faraday bag? (y/n)?Input a filename located in the current directory which contains the PSBT:
0.00050000 BTC in unspent inputs from cold storage address 2N42986nuqGfmbRUuojYCboE7EE9VLmYai2
0.00041370 BTC going back to cold storage address 2N42986nuqGfmbRUuojYCboE7EE9VLmYai2
0.00004000 BTC going to destination address n4S1Q6S9b5dq72ttpnFZXwaPCs2Z8ojwPR
Fee amount: 0.00004630
Confirm? (y/n): 
How many private keys will you be signing this transaction with (at least 2 required to complete transaction)?
#: ERROR: not enough private keys to complete transaction (need 2). Exiting...
