Are you running this on a computer WITHOUT a network connection of any kind? (y/n)?Have the wireless cards in this computer been physically removed? (y/n)?Are you running on battery power? (y/n)?Are you running on an operating system booted from a USB drive? (y/n)?Is your screen hidden from view of windows, cameras, and other people? (y/n)?Are smartphones and all other nearby devices turned off and in a Faraday bag? (y/n)?Input a filename located in the current directory which contains the PSBT:
0.20000000 BTC in unspent inputs from cold storage address 2NGPJX8kzdRpAQJuZWMpCBth1umjQFHeFcz
0.19996630 BTC going to destination address mxBQD1QAYpwiudaCJdRhE9QSW9cokafJ99
Fee amount: 0.00003370
Confirm? (y/n): 
How many private keys will you be signing this transaction with (at least 2 required to complete transaction)?
#: Key #1: Key #2: 
Is this data correct?
*** WARNING: Incorrect data may lead to loss of funds ***

0.20000000 BTC in unspent inputs from cold storage address 2NGPJX8kzdRpAQJuZWMpCBth1umjQFHeFcz
0.19996630 BTC going to destination address mxBQD1QAYpwiudaCJdRhE9QSW9cokafJ99
Fee amount: 0.00003370

Signing with private keys: 
cVV1MBAgdAnrX8bjQWSJcgZAbVtprR8kgdfez858ejvXs3qZWqn2
cQy39MvkMKeaEvG1wXejdtEvAdU381u9EBBmcKUJWbfn6QL82YvR


Confirm? (y/n): 
Calculating transaction...

Final fee rate: 10.00 satoshis per vbyte

Raw signed transaction (hex):
02000000017fa11bc5a96257e6ad95a7c254863d1a91ed0fd5b4af01839c2592be36aae72600000000fc0047304402203b49d38cb9f6f85956135eab53ad83b388ac2512c67efef7ee9e3e8d27dcc0ea02207e59438aa8e04d4916964e0b6deeba6c9628ab7389f9e39d69f655a00a6bb84101473044022018fe977aab3b340c775885adc4daa9f6db6382b9e15fd1bf9521a14fa35f88b40220022b3febbed95c6415dcc84b0c82ddffc4739dd59600f111462ab5998dd487db014c6952210320849607eed265c09f51cda0e972426558276384870651250aa4e8638c334ced2102766c70472a8a3de751d126eddac8436338f8447b1967b5aa3b12a2b9a6e712e921039080ddc448e7fe4985676a7d2d6567dfc2febb8207a6f29b9737233f4c3b44d653aeffffffff01d61f3101000000001976a914b6c7733e23a271e57ca16e5cd885174917968db988ac00000000

Transaction fingerprint (md5):
6c12563598aefb7616e529c2f94edfff
QR code for transaction written to transaction.png
