Are you running this on a computer WITHOUT a network connection of any kind? (y/n)?Have the wireless cards in this computer been physically removed? (y/n)?Are you running on battery power? (y/n)?Are you running on an operating system booted from a USB drive? (y/n)?Is your screen hidden from view of windows, cameras, and other people? (y/n)?Are smartphones and all other nearby devices turned off and in a Faraday bag? (y/n)?Input a filename located in the current directory which contains the PSBT:
0.07230000 BTC in unspent inputs from cold storage address 2MyCc3oEVwSYzgmspKTjZ6HZrzeg8ajdmKR
0.07226753 BTC going to destination address bcrt1qrwxllgvtc0ns624dlped894kkfq608jmye2k50
Fee amount: 0.00003247
Confirm? (y/n): 
How many private keys will you be signing this transaction with (at least 2 required to complete transaction)?
#: Key #1: Key #2: 
Is this data correct?
*** WARNING: Incorrect data may lead to loss of funds ***

0.07230000 BTC in unspent inputs from cold storage address 2MyCc3oEVwSYzgmspKTjZ6HZrzeg8ajdmKR
0.07226753 BTC going to destination address bcrt1qrwxllgvtc0ns624dlped894kkfq608jmye2k50
Fee amount: 0.00003247

Signing with private keys: 
93VDtjySSuPjgLYyCR6BBTqCuaqu6X728ZfkNEDbgAdVURRd1rS
924WjH7yMYyuyhUougBHEu2vThcHRmahF6FsKvNVQBwSGuEyqKm


Confirm? (y/n): 
Calculating transaction...

Final fee rate: 1 satoshis per vbyte

Raw signed transaction (hex):
020000000721de407a2df54b182b6e935a753228632e72727434f8ddc62a906bc3c4a80fa001000000fd9f010047304402204100064b0015c07fb3c2b7b126f016752cb1c34b16a82d1e185f2434d4ff21b3022079be36a11e9a03987995570e622bfbb1252e74984900d82c8715f1a36c9a16ee014730440220477ac40bf11a386f73713914cccacf6304e9ed155d1c5d4e50c4fffb6d326a1e02207d2ab1e4307bc85aa4cc4da6efcbe1ffd637748a733770daacb063372a3199e6014d0b0152410498137b6223a9fa395e16fe6e49a7f4a737029d4476ec35844a8469e358d641b85a5bf355d570699d63cde87da1d450e1966d97ee61a99b51995a11eb7ea0f6744104fd9a69f95e31c3b8d2c97925e0f151dd1c67f3b71e3ba6db8f20d944e6e94d9b5e3ad4c12a5f9bd6d2137cf69b015f9637de61aafae29fdfccf8ef5a4cd81e374104ff188a131ee79900a4cdbe68c5ea84ad73b8acf8414e5895f6c7b0e4779ef50d39ba369a34cd3f7216877769a292ccf52c2653c799a138321bf8c1e03a9120594104eeafc0621008662a9977b953ee7f7af87981830f561cac50387211c75d58bcb751414fc9abe0cf4a28a4044806ccd54b3f80ba990e0eff046bb1b930968b973a54aeffffffff7ea98084a14b86fa2338f7bf2cacb2277eded3dc87e05777339947a4edc6ff6101000000fd9f010047304402202d35c4bad270dbbe2f30900d2b3e97df05c5fd45133557baa2f3f19527b8d45f02205ce68b66774cc234b78ddc87d697920520c7b815c44b6b8c94c6a5ec16e189b10147304402205f4b4e02bbcafde5db50aa4ba67fec5cfff277635d374dc354280962ccb839c002201f6b1bf3aa9f10c6c13be116a760d5af4ee332f9aed7ec1e8202dca8ca9883e5014d0b0152410498137b6223a9fa395e16fe6e49a7f4a737029d4476ec35844a8469e358d641b85a5bf355d570699d63cde87da1d450e1966d97ee61a99b51995a11eb7ea0f6744104fd9a69f95e31c3b8d2c97925e0f151dd1c67f3b71e3ba6db8f20d944e6e94d9b5e3ad4c12a5f9bd6d2137cf69b015f9637de61aafae29fdfccf8ef5a4cd81e374104ff188a131ee79900a4cdbe68c5ea84ad73b8acf8414e5895f6c7b0e4779ef50d39ba369a34cd3f7216877769a292ccf52c2653c799a138321bf8c1e03a9120594104eeafc0621008662a9977b953ee7f7af87981830f561cac50387211c75d58bcb751414fc9abe0cf4a28a4044806ccd54b3f80ba990e0eff046bb1b930968b973a54aeffffffffe99cbc7cc9aefa904880d78026456847e149528cf1b319718acd9cfb14cbb32901000000fd9f0100473044022015141f672cb5a430898087635e3e80486a09aa51a6bbb2309101d7fdc116176c022004e4eb39e4caf7558f0e7f30bc9188938761b062126d7de06c661e1fb044e16d0147304402201beb617dab9c26de651379fd019bb21c816b297a3a3fc8c06bf496a0d07fd35c0220114afe0c115207aeb688e60863671cc3b0a3d4bb5bbc9cd89e0230c953457cb5014d0b0152410498137b6223a9fa395e16fe6e49a7f4a737029d4476ec35844a8469e358d641b85a5bf355d570699d63cde87da1d450e1966d97ee61a99b51995a11eb7ea0f6744104fd9a69f95e31c3b8d2c97925e0f151dd1c67f3b71e3ba6db8f20d944e6e94d9b5e3ad4c12a5f9bd6d2137cf69b015f9637de61aafae29fdfccf8ef5a4cd81e374104ff188a131ee79900a4cdbe68c5ea84ad73b8acf8414e5895f6c7b0e4779ef50d39ba369a34cd3f7216877769a292ccf52c2653c799a138321bf8c1e03a9120594104eeafc0621008662a9977b953ee7f7af87981830f561cac50387211c75d58bcb751414fc9abe0cf4a28a4044806ccd54b3f80ba990e0eff046bb1b930968b973a54aeffffffff5d270c99527c1c0a307e58e9a1bb02b69cce6e2790185cd78586b7c6214703ce00000000fd9f010047304402207f69b2cbd60f8fc99df1263cac8ffcb0a3a1743aa7ad20cf3311691b41aedb3e02207f3fd31539d4d513be356704a03e50face33ac2991b73ef2aa034f4100d8d69b01473044022055056b70e3794a490b1ffcf5bc82eb434f44c46fa620cc4fd2b6a9eda7a8911a0220298126773f5864d6672647588853a5975939255111f7c7f034c4ed3eca2d14ae014d0b0152410498137b6223a9fa395e16fe6e49a7f4a737029d4476ec35844a8469e358d641b85a5bf355d570699d63cde87da1d450e1966d97ee61a99b51995a11eb7ea0f6744104fd9a69f95e31c3b8d2c97925e0f151dd1c67f3b71e3ba6db8f20d944e6e94d9b5e3ad4c12a5f9bd6d2137cf69b015f9637de61aafae29fdfccf8ef5a4cd81e374104ff188a131ee79900a4cdbe68c5ea84ad73b8acf8414e5895f6c7b0e4779ef50d39ba369a34cd3f7216877769a292ccf52c2653c799a138321bf8c1e03a9120594104eeafc0621008662a9977b953ee7f7af87981830f561cac50387211c75d58bcb751414fc9abe0cf4a28a4044806ccd54b3f80ba990e0eff046bb1b930968b973a54aeffffffffd1c09c97e88aa79334e762745edf4dd0719e602c8d61746d5ce605fdabd32a4101000000fd9f0100473044022067c3611e30f6548f753e01eb1274e0678898f82debfed8eec384a3d16eea6f2f02204e05664329140c694271b00cc3424ceb3b48afccb19c08a178ff6b7d76369afd014730440220252e62e6b4babddd9e66b7bb8ef6fe2ef01a4a2ff729110eb97ab8a7bb45ffaf02203cc086c2c73cc02dac8813f498337de78b34b997ff51310bea40bc288c74419d014d0b0152410498137b6223a9fa395e16fe6e49a7f4a737029d4476ec35844a8469e358d641b85a5bf355d570699d63cde87da1d450e1966d97ee61a99b51995a11eb7ea0f6744104fd9a69f95e31c3b8d2c97925e0f151dd1c67f3b71e3ba6db8f20d944e6e94d9b5e3ad4c12a5f9bd6d2137cf69b015f9637de61aafae29fdfccf8ef5a4cd81e374104ff188a131ee79900a4cdbe68c5ea84ad73b8acf8414e5895f6c7b0e4779ef50d39ba369a34cd3f7216877769a292ccf52c2653c799a138321bf8c1e03a9120594104eeafc0621008662a9977b953ee7f7af87981830f561cac50387211c75d58bcb751414fc9abe0cf4a28a4044806ccd54b3f80ba990e0eff046bb1b930968b973a54aeffffffffa6735878b99084c792df6f7ac3959154a5e6dba740a169d56be6c25538eb4b2c00000000fd9f0100473044022039d432eba2b4610c0ac578279d891d0499f11781ec07a75846ccbf0e95bc20f602201e887a20a4fedf2132fc21e8d86d1db4ecbe282644bad88456369be10bfd79b7014730440220117a78413b6320f5f01f520bdc5bb20437d868f06fa22c8439d9b46925c3ebd402205e44597805fec4c33addc1206fab208d34e3fa9d5c13b8bf5417ef2547607a79014d0b0152410498137b6223a9fa395e16fe6e49a7f4a737029d4476ec35844a8469e358d641b85a5bf355d570699d63cde87da1d450e1966d97ee61a99b51995a11eb7ea0f6744104fd9a69f95e31c3b8d2c97925e0f151dd1c67f3b71e3ba6db8f20d944e6e94d9b5e3ad4c12a5f9bd6d2137cf69b015f9637de61aafae29fdfccf8ef5a4cd81e374104ff188a131ee79900a4cdbe68c5ea84ad73b8acf8414e5895f6c7b0e4779ef50d39ba369a34cd3f7216877769a292ccf52c2653c799a138321bf8c1e03a9120594104eeafc0621008662a9977b953ee7f7af87981830f561cac50387211c75d58bcb751414fc9abe0cf4a28a4044806ccd54b3f80ba990e0eff046bb1b930968b973a54aeffffffffd1d126103dcd85d971b39d9243b466a006a596b13450c262c37e91ea7c89ace700000000fd9f010047304402200c3c71625681f21489c91b9bb22de4278c5aa513d81f6790d1c6545139cf9fbd0220057c969e356216b351d90dcc548efb00a8b77f49118acdef2eab75319c2f27fd0147304402205cd931cbf3537857e15526b35072eb3fabb818daaa192cc9e82c6c7c2d109d380220021d16a4a781b7abf3c817f80e9a8736bec3c2f955b079e14a1c9c7fc2f2f717014d0b0152410498137b6223a9fa395e16fe6e49a7f4a737029d4476ec35844a8469e358d641b85a5bf355d570699d63cde87da1d450e1966d97ee61a99b51995a11eb7ea0f6744104fd9a69f95e31c3b8d2c97925e0f151dd1c67f3b71e3ba6db8f20d944e6e94d9b5e3ad4c12a5f9bd6d2137cf69b015f9637de61aafae29fdfccf8ef5a4cd81e374104ff188a131ee79900a4cdbe68c5ea84ad73b8acf8414e5895f6c7b0e4779ef50d39ba369a34cd3f7216877769a292ccf52c2653c799a138321bf8c1e03a9120594104eeafc0621008662a9977b953ee7f7af87981830f561cac50387211c75d58bcb751414fc9abe0cf4a28a4044806ccd54b3f80ba990e0eff046bb1b930968b973a54aeffffffff0181456e00000000001600141b8dffa18bc3e70d2aadf872d396b6b241a79e5b00000000

Transaction fingerprint (md5):
d126a6574305106b44e55d5a507e51c6
QR code for transaction written to transaction-01.png,transaction-02.png
